// Jest Snapshot v1, https://goo.gl/fbAQLP

exports[`Ingestion functions should parse a set of Annotations 1`] = `
Array [
  Object {
    "AdditionalEvidence": Array [
      "PANTHER:PTN000495591",
      "WB:WBGene00002998",
    ],
    "AlternativeGeneName": Array [
      "AT3G05380",
      "ALY2",
      "ATALY2",
      "ALWAYS EARLY 2",
      "ARABIDOPSIS THALIANA ALWAYS EARLY 2",
      "F22F7.18",
      "F22F7_18",
    ],
    "AnnotationStatus": "OTHER",
    "Aspect": "P",
    "AssignedBy": "GOC",
    "DatabaseID": "locus:2079747",
    "Date": 2018-06-15T00:00:00.000Z,
    "EvidenceCode": "IBA",
    "GOTerm": "GO:0000003",
    "GeneProductType": "protein",
    "Invert": false,
    "Reference": "TAIR:Communication:501741973",
    "UniqueGeneName": "AT3G05380",
  },
  Object {
    "AdditionalEvidence": Array [
      "PANTHER:PTN000495591",
      "WB:WBGene00002998",
    ],
    "AlternativeGeneName": Array [
      "AT3G21430",
      "ATALY3",
      "ALY3",
      "ARABIDOPSIS THALIANA ALWAYS EARLY 3",
      "ALWAYS EARLY 3",
    ],
    "AnnotationStatus": "OTHER",
    "Aspect": "P",
    "AssignedBy": "GOC",
    "DatabaseID": "locus:2089438",
    "Date": 2018-06-15T00:00:00.000Z,
    "EvidenceCode": "IBA",
    "GOTerm": "GO:0000003",
    "GeneProductType": "protein",
    "Invert": false,
    "Reference": "TAIR:Communication:501741973",
    "UniqueGeneName": "AT3G21430",
  },
  Object {
    "AdditionalEvidence": Array [
      "PANTHER:PTN000495591",
      "WB:WBGene00002998",
    ],
    "AlternativeGeneName": Array [
      "AT5G27610",
      "ATALY1",
      "ALY1",
      "ARABIDOPSIS THALIANA ALWAYS EARLY 1",
      "ALWAYS EARLY 1",
      "F15A18.70",
      "F15A18_70",
    ],
    "AnnotationStatus": "OTHER",
    "Aspect": "P",
    "AssignedBy": "GOC",
    "DatabaseID": "locus:2143666",
    "Date": 2018-06-15T00:00:00.000Z,
    "EvidenceCode": "IBA",
    "GOTerm": "GO:0000003",
    "GeneProductType": "protein",
    "Invert": false,
    "Reference": "TAIR:Communication:501741973",
    "UniqueGeneName": "AT5G27610",
  },
  Object {
    "AdditionalEvidence": Array [
      "PANTHER:PTN000281062",
      "MGI:MGI:1913658",
      "UniProtKB:Q7Z2E3",
    ],
    "AlternativeGeneName": Array [
      "AT5G01310",
      "APTX",
      "APRATAXIN-like",
      "T10O8.20",
      "T10O8_20",
    ],
    "AnnotationStatus": "OTHER",
    "Aspect": "P",
    "AssignedBy": "GOC",
    "DatabaseID": "locus:2179122",
    "Date": 2018-08-03T00:00:00.000Z,
    "EvidenceCode": "IBA",
    "GOTerm": "GO:0000012",
    "GeneProductType": "protein",
    "Invert": false,
    "Reference": "TAIR:Communication:501741973",
    "UniqueGeneName": "AT5G01310",
  },
  Object {
    "AdditionalEvidence": Array [
      "PANTHER:PTN000275870",
      "MGI:MGI:1920036",
      "UniProtKB:Q9NUW8",
    ],
    "AlternativeGeneName": Array [
      "AT5G15170",
      "TDP1",
      "tyrosyl-DNA phosphodiesterase 1",
      "F8M21.60",
      "F8M21_60",
    ],
    "AnnotationStatus": "OTHER",
    "Aspect": "P",
    "AssignedBy": "GOC",
    "DatabaseID": "locus:2150931",
    "Date": 2018-08-03T00:00:00.000Z,
    "EvidenceCode": "IBA",
    "GOTerm": "GO:0000012",
    "GeneProductType": "protein",
    "Invert": false,
    "Reference": "TAIR:Communication:501741973",
    "UniqueGeneName": "AT5G15170",
  },
  Object {
    "AdditionalEvidence": Array [
      "PANTHER:PTN002107734",
      "TAIR:locus:2202114",
    ],
    "AlternativeGeneName": Array [
      "AT1G11190",
      "BFN1",
      "ENDO1",
      "bifunctional nuclease i",
      "ENDONUCLEASE 1",
      "T28P6.14",
      "T28P6_14",
    ],
    "AnnotationStatus": "OTHER",
    "Aspect": "F",
    "AssignedBy": "GOC",
    "DatabaseID": "locus:2202114",
    "Date": 2018-06-15T00:00:00.000Z,
    "EvidenceCode": "IBA",
    "GOTerm": "GO:0000014",
    "GeneProductType": "protein",
    "Invert": false,
    "Reference": "TAIR:Communication:501741973",
    "UniqueGeneName": "AT1G11190",
  },
  Object {
    "AdditionalEvidence": Array [
      "PANTHER:PTN000429848",
      "UniProtKB:Q92878",
    ],
    "AlternativeGeneName": Array [
      "AT2G31970",
      "RAD50",
      "ATRAD50",
      "F22D22.28",
      "F22D22_28",
      "dna repair-recombination protein",
    ],
    "AnnotationStatus": "OTHER",
    "Aspect": "F",
    "AssignedBy": "GOC",
    "DatabaseID": "locus:2045437",
    "Date": 2018-06-30T00:00:00.000Z,
    "EvidenceCode": "IBA",
    "GOTerm": "GO:0000014",
    "GeneProductType": "protein",
    "Invert": false,
    "Reference": "TAIR:Communication:501741973",
    "UniqueGeneName": "AT2G31970",
  },
  Object {
    "AdditionalEvidence": Array [
      "PANTHER:PTN000297520",
      "UniProtKB:P07992",
      "SGD:S000004560",
    ],
    "AlternativeGeneName": Array [
      "AT3G05210",
      "ERCC1",
      "UVR7",
      "UV REPAIR DEFICIENT 7",
      "T12H1.18",
      "T12H1_18",
    ],
    "AnnotationStatus": "OTHER",
    "Aspect": "F",
    "AssignedBy": "GOC",
    "DatabaseID": "locus:2096329",
    "Date": 2018-08-03T00:00:00.000Z,
    "EvidenceCode": "IBA",
    "GOTerm": "GO:0000014",
    "GeneProductType": "protein",
    "Invert": false,
    "Reference": "TAIR:Communication:501741973",
    "UniqueGeneName": "AT3G05210",
  },
  Object {
    "AdditionalEvidence": Array [
      "PANTHER:PTN000387514",
      "UniProtKB:Q99708",
    ],
    "AlternativeGeneName": Array [
      "AT3G52115",
      "ATGR1",
      "ATCOM1",
      "COM1",
      "GR1",
      "gamma response gene 1",
    ],
    "AnnotationStatus": "OTHER",
    "Aspect": "F",
    "AssignedBy": "GOC",
    "DatabaseID": "locus:1005716561",
    "Date": 2018-06-15T00:00:00.000Z,
    "EvidenceCode": "IBA",
    "GOTerm": "GO:0000014",
    "GeneProductType": "protein",
    "Invert": false,
    "Reference": "TAIR:Communication:501741973",
    "UniqueGeneName": "AT3G52115",
  },
  Object {
    "AdditionalEvidence": Array [
      "PANTHER:PTN000015911",
      "UniProtKB:Q9LKI5",
      "SGD:S000005943",
    ],
    "AlternativeGeneName": Array [
      "AT5G41150",
      "UVH1",
      "ATRAD1",
      "RAD1",
      "ULTRAVIOLET HYPERSENSITIVE 1",
      "MEE6.22",
      "MEE6_22",
      "repair endonuclease",
    ],
    "AnnotationStatus": "OTHER",
    "Aspect": "F",
    "AssignedBy": "GOC",
    "DatabaseID": "locus:2163011",
    "Date": 2018-06-15T00:00:00.000Z,
    "EvidenceCode": "IBA",
    "GOTerm": "GO:0000014",
    "GeneProductType": "protein",
    "Invert": false,
    "Reference": "TAIR:Communication:501741973",
    "UniqueGeneName": "AT5G41150",
  },
]
`;

exports[`Ingestion functions should parse a set of Gene IDs and Gene Product Types 1`] = `
Array [
  Object {
    "GeneID": "AT1G01010",
    "GeneProductType": "protein_coding",
  },
  Object {
    "GeneID": "AT1G01020",
    "GeneProductType": "protein_coding",
  },
  Object {
    "GeneID": "AT1G01030",
    "GeneProductType": "protein_coding",
  },
  Object {
    "GeneID": "AT1G01040",
    "GeneProductType": "protein_coding",
  },
  Object {
    "GeneID": "AT1G01046",
    "GeneProductType": "miRNA_primary_transcript",
  },
  Object {
    "GeneID": "AT1G01050",
    "GeneProductType": "protein_coding",
  },
  Object {
    "GeneID": "AT1G01060",
    "GeneProductType": "protein_coding",
  },
  Object {
    "GeneID": "AT1G01070",
    "GeneProductType": "protein_coding",
  },
  Object {
    "GeneID": "AT1G01080",
    "GeneProductType": "protein_coding",
  },
  Object {
    "GeneID": "AT1G01090",
    "GeneProductType": "protein_coding",
  },
]
`;
